127.0.0.1 - v7PzCajBd1QQa28AzswPD4OIrKX21MORVaY7S4DnGOeEfpFTJ3 [24/Dec/2020:13:22:15 +0000] "GET /application/core/resources/api/rest/alert/content HTTP/1.0" 200 316 "https://linux-devoir.databeez.com/application/navigation/dashboard/global" "Mozilla/5.0 (Macintosh; Intel Mac OS X 10_15_7) AppleWebKit/537.36 (KHTML, like Gecko) Chrome/87.0.4280.88 Safari/537.36"
127.0.0.1 - v7PzCajBd1QQa28AzswPD4OIrKX21MORVaY7S4DnGOeEfpFTJ3 [24/Dec/2020:13:22:25 +0000] "GET /application/core/resources/api/rest/alert/content HTTP/1.0" 200 316 "https://linux-devoir.databeez.com/application/navigation/dashboard/global" "Mozilla/5.0 (Macintosh; Intel Mac OS X 10_15_7) AppleWebKit/537.36 (KHTML, like Gecko) Chrome/87.0.4280.88 Safari/537.36"
127.0.0.1 - v7PzCajBd1QQa28AzswPD4OIrKX21MORVaY7S4DnGOeEfpFTJ3 [24/Dec/2020:13:22:35 +0000] "GET /application/core/resources/api/rest/alert/content HTTP/1.0" 200 316 "https://linux-devoir.databeez.com/application/navigation/dashboard/global" "Mozilla/5.0 (Macintosh; Intel Mac OS X 10_15_7) AppleWebKit/537.36 (KHTML, like Gecko) Chrome/87.0.4280.88 Safari/537.36"
127.0.0.1 - v7PzCajBd1QQa28AzswPD4OIrKX21MORVaY7S4DnGOeEfpFTJ3 [24/Dec/2020:13:22:45 +0000] "GET /application/core/resources/api/rest/alert/content HTTP/1.0" 200 316 "https://linux-devoir.databeez.com/application/navigation/dashboard/global" "Mozilla/5.0 (Macintosh; Intel Mac OS X 10_15_7) AppleWebKit/537.36 (KHTML, like Gecko) Chrome/87.0.4280.88 Safari/537.36"
127.0.0.1 - v7PzCajBd1QQa28AzswPD4OIrKX21MORVaY7S4DnGOeEfpFTJ3 [24/Dec/2020:13:22:55 +0000] "GET /application/core/resources/api/rest/alert/content HTTP/1.0" 200 316 "https://linux-devoir.databeez.com/application/navigation/dashboard/global" "Mozilla/5.0 (Macintosh; Intel Mac OS X 10_15_7) AppleWebKit/537.36 (KHTML, like Gecko) Chrome/87.0.4280.88 Safari/537.36"
127.0.0.1 - v7PzCajBd1QQa28AzswPD4OIrKX21MORVaY7S4DnGOeEfpFTJ3 [24/Dec/2020:13:23:05 +0000] "GET /application/core/resources/api/rest/alert/content HTTP/1.0" 200 316 "https://linux-devoir.databeez.com/application/navigation/dashboard/global" "Mozilla/5.0 (Macintosh; Intel Mac OS X 10_15_7) AppleWebKit/537.36 (KHTML, like Gecko) Chrome/87.0.4280.88 Safari/537.36"
127.0.0.1 - v7PzCajBd1QQa28AzswPD4OIrKX21MORVaY7S4DnGOeEfpFTJ3 [24/Dec/2020:13:23:15 +0000] "GET /application/core/resources/api/rest/alert/content HTTP/1.0" 200 316 "https://linux-devoir.databeez.com/application/navigation/dashboard/global" "Mozilla/5.0 (Macintosh; Intel Mac OS X 10_15_7) AppleWebKit/537.36 (KHTML, like Gecko) Chrome/87.0.4280.88 Safari/537.36"
127.0.0.1 - v7PzCajBd1QQa28AzswPD4OIrKX21MORVaY7S4DnGOeEfpFTJ3 [24/Dec/2020:13:23:25 +0000] "GET /application/core/resources/api/rest/alert/content HTTP/1.0" 200 316 "https://linux-devoir.databeez.com/application/navigation/dashboard/global" "Mozilla/5.0 (Macintosh; Intel Mac OS X 10_15_7) AppleWebKit/537.36 (KHTML, like Gecko) Chrome/87.0.4280.88 Safari/537.36"
127.0.0.1 - v7PzCajBd1QQa28AzswPD4OIrKX21MORVaY7S4DnGOeEfpFTJ3 [24/Dec/2020:13:23:35 +0000] "GET /application/core/resources/api/rest/alert/content HTTP/1.0" 200 316 "https://linux-devoir.databeez.com/application/navigation/dashboard/global" "Mozilla/5.0 (Macintosh; Intel Mac OS X 10_15_7) AppleWebKit/537.36 (KHTML, like Gecko) Chrome/87.0.4280.88 Safari/537.36"
127.0.0.1 - v7PzCajBd1QQa28AzswPD4OIrKX21MORVaY7S4DnGOeEfpFTJ3 [24/Dec/2020:13:23:37 +0000] "GET /application/core/resources/api/rest/alert/content HTTP/1.0" 404 342 "https://linux-devoir.databeez.com/application/navigation/view/43" "Mozilla/5.0 (Macintosh; Intel Mac OS X 11_0_1) AppleWebKit/537.36 (KHTML, like Gecko) Chrome/87.0.4280.88 Safari/537.36"
127.0.0.1 - v7PzCajBd1QQa28AzswPD4OIrKX21MORVaY7S4DnGOeEfpFTJ3 [24/Dec/2020:13:23:45 +0000] "GET /application/core/resources/api/rest/alert/content HTTP/1.0" 200 316 "https://linux-devoir.databeez.com/application/navigation/dashboard/global" "Mozilla/5.0 (Macintosh; Intel Mac OS X 10_15_7) AppleWebKit/537.36 (KHTML, like Gecko) Chrome/87.0.4280.88 Safari/537.36"
127.0.0.1 - v7PzCajBd1QQa28AzswPD4OIrKX21MORVaY7S4DnGOeEfpFTJ3 [24/Dec/2020:13:23:46 +0000] "GET /application/core/resources/api/rest/alert/content HTTP/1.0" 404 342 "https://linux-devoir.databeez.com/application/navigation/view/43" "Mozilla/5.0 (Macintosh; Intel Mac OS X 11_0_1) AppleWebKit/537.36 (KHTML, like Gecko) Chrome/87.0.4280.88 Safari/537.36"
127.0.0.1 - v7PzCajBd1QQa28AzswPD4OIrKX21MORVaY7S4DnGOeEfpFTJ3 [24/Dec/2020:13:23:55 +0000] "GET /application/core/resources/api/rest/alert/content HTTP/1.0" 200 316 "https://linux-devoir.databeez.com/application/navigation/dashboard/global" "Mozilla/5.0 (Macintosh; Intel Mac OS X 10_15_7) AppleWebKit/537.36 (KHTML, like Gecko) Chrome/87.0.4280.88 Safari/537.36"
127.0.0.1 - v7PzCajBd1QQa28AzswPD4OIrKX21MORVaY7S4DnGOeEfpFTJ3 [24/Dec/2020:13:23:57 +0000] "GET /application/core/resources/api/rest/alert/content HTTP/1.0" 404 342 "https://linux-devoir.databeez.com/application/navigation/view/43" "Mozilla/5.0 (Macintosh; Intel Mac OS X 11_0_1) AppleWebKit/537.36 (KHTML, like Gecko) Chrome/87.0.4280.88 Safari/537.36"
127.0.0.1 - v7PzCajBd1QQa28AzswPD4OIrKX21MORVaY7S4DnGOeEfpFTJ3 [24/Dec/2020:13:24:05 +0000] "GET /application/core/resources/api/rest/alert/content HTTP/1.0" 200 316 "https://linux-devoir.databeez.com/application/navigation/dashboard/global" "Mozilla/5.0 (Macintosh; Intel Mac OS X 10_15_7) AppleWebKit/537.36 (KHTML, like Gecko) Chrome/87.0.4280.88 Safari/537.36"
127.0.0.1 - v7PzCajBd1QQa28AzswPD4OIrKX21MORVaY7S4DnGOeEfpFTJ3 [24/Dec/2020:13:24:06 +0000] "GET /application/core/resources/api/rest/alert/content HTTP/1.0" 404 342 "https://linux-devoir.databeez.com/application/navigation/view/43" "Mozilla/5.0 (Macintosh; Intel Mac OS X 11_0_1) AppleWebKit/537.36 (KHTML, like Gecko) Chrome/87.0.4280.88 Safari/537.36"
127.0.0.1 - v7PzCajBd1QQa28AzswPD4OIrKX21MORVaY7S4DnGOeEfpFTJ3 [24/Dec/2020:13:24:15 +0000] "GET /application/core/resources/api/rest/alert/content HTTP/1.0" 200 316 "https://linux-devoir.databeez.com/application/navigation/dashboard/global" "Mozilla/5.0 (Macintosh; Intel Mac OS X 10_15_7) AppleWebKit/537.36 (KHTML, like Gecko) Chrome/87.0.4280.88 Safari/537.36"
127.0.0.1 - v7PzCajBd1QQa28AzswPD4OIrKX21MORVaY7S4DnGOeEfpFTJ3 [24/Dec/2020:13:24:17 +0000] "GET /application/core/resources/api/rest/alert/content HTTP/1.0" 404 342 "https://linux-devoir.databeez.com/application/navigation/view/43" "Mozilla/5.0 (Macintosh; Intel Mac OS X 11_0_1) AppleWebKit/537.36 (KHTML, like Gecko) Chrome/87.0.4280.88 Safari/537.36"
127.0.0.1 - v7PzCajBd1QQa28AzswPD4OIrKX21MORVaY7S4DnGOeEfpFTJ3 [24/Dec/2020:13:24:25 +0000] "GET /application/core/resources/api/rest/alert/content HTTP/1.0" 200 316 "https://linux-devoir.databeez.com/application/navigation/dashboard/global" "Mozilla/5.0 (Macintosh; Intel Mac OS X 10_15_7) AppleWebKit/537.36 (KHTML, like Gecko) Chrome/87.0.4280.88 Safari/537.36"
127.0.0.1 - v7PzCajBd1QQa28AzswPD4OIrKX21MORVaY7S4DnGOeEfpFTJ3 [24/Dec/2020:13:24:26 +0000] "GET /application/core/resources/api/rest/alert/content HTTP/1.0" 404 342 "https://linux-devoir.databeez.com/application/navigation/view/43" "Mozilla/5.0 (Macintosh; Intel Mac OS X 11_0_1) AppleWebKit/537.36 (KHTML, like Gecko) Chrome/87.0.4280.88 Safari/537.36"
127.0.0.1 - v7PzCajBd1QQa28AzswPD4OIrKX21MORVaY7S4DnGOeEfpFTJ3 [24/Dec/2020:13:24:35 +0000] "GET /application/core/resources/api/rest/alert/content HTTP/1.0" 200 316 "https://linux-devoir.databeez.com/application/navigation/dashboard/global" "Mozilla/5.0 (Macintosh; Intel Mac OS X 10_15_7) AppleWebKit/537.36 (KHTML, like Gecko) Chrome/87.0.4280.88 Safari/537.36"
127.0.0.1 - v7PzCajBd1QQa28AzswPD4OIrKX21MORVaY7S4DnGOeEfpFTJ3 [24/Dec/2020:13:24:36 +0000] "GET /application/core/resources/api/rest/alert/content HTTP/1.0" 404 342 "https://linux-devoir.databeez.com/application/navigation/view/43" "Mozilla/5.0 (Macintosh; Intel Mac OS X 11_0_1) AppleWebKit/537.36 (KHTML, like Gecko) Chrome/87.0.4280.88 Safari/537.36"
127.0.0.1 - v7PzCajBd1QQa28AzswPD4OIrKX21MORVaY7S4DnGOeEfpFTJ3 [24/Dec/2020:13:24:46 +0000] "GET /application/core/resources/api/rest/alert/content HTTP/1.0" 200 316 "https://linux-devoir.databeez.com/application/navigation/dashboard/global" "Mozilla/5.0 (Macintosh; Intel Mac OS X 10_15_7) AppleWebKit/537.36 (KHTML, like Gecko) Chrome/87.0.4280.88 Safari/537.36"
127.0.0.1 - v7PzCajBd1QQa28AzswPD4OIrKX21MORVaY7S4DnGOeEfpFTJ3 [24/Dec/2020:13:24:47 +0000] "GET /application/core/resources/api/rest/alert/content HTTP/1.0" 404 342 "https://linux-devoir.databeez.com/application/navigation/view/43" "Mozilla/5.0 (Macintosh; Intel Mac OS X 11_0_1) AppleWebKit/537.36 (KHTML, like Gecko) Chrome/87.0.4280.88 Safari/537.36"
127.0.0.1 - v7PzCajBd1QQa28AzswPD4OIrKX21MORVaY7S4DnGOeEfpFTJ3 [24/Dec/2020:13:24:55 +0000] "GET /application/core/resources/api/rest/alert/content HTTP/1.0" 200 316 "https://linux-devoir.databeez.com/application/navigation/dashboard/global" "Mozilla/5.0 (Macintosh; Intel Mac OS X 10_15_7) AppleWebKit/537.36 (KHTML, like Gecko) Chrome/87.0.4280.88 Safari/537.36"
127.0.0.1 - v7PzCajBd1QQa28AzswPD4OIrKX21MORVaY7S4DnGOeEfpFTJ3 [24/Dec/2020:13:24:56 +0000] "GET /application/core/resources/api/rest/alert/content HTTP/1.0" 404 342 "https://linux-devoir.databeez.com/application/navigation/view/43" "Mozilla/5.0 (Macintosh; Intel Mac OS X 11_0_1) AppleWebKit/537.36 (KHTML, like Gecko) Chrome/87.0.4280.88 Safari/537.36"
127.0.0.1 - v7PzCajBd1QQa28AzswPD4OIrKX21MORVaY7S4DnGOeEfpFTJ3 [24/Dec/2020:13:25:05 +0000] "GET /application/core/resources/api/rest/alert/content HTTP/1.0" 200 316 "https://linux-devoir.databeez.com/application/navigation/dashboard/global" "Mozilla/5.0 (Macintosh; Intel Mac OS X 10_15_7) AppleWebKit/537.36 (KHTML, like Gecko) Chrome/87.0.4280.88 Safari/537.36"
127.0.0.1 - v7PzCajBd1QQa28AzswPD4OIrKX21MORVaY7S4DnGOeEfpFTJ3 [24/Dec/2020:13:25:06 +0000] "GET /application/core/resources/api/rest/alert/content HTTP/1.0" 404 342 "https://linux-devoir.databeez.com/application/navigation/view/43" "Mozilla/5.0 (Macintosh; Intel Mac OS X 11_0_1) AppleWebKit/537.36 (KHTML, like Gecko) Chrome/87.0.4280.88 Safari/537.36"
127.0.0.1 - v7PzCajBd1QQa28AzswPD4OIrKX21MORVaY7S4DnGOeEfpFTJ3 [24/Dec/2020:13:25:15 +0000] "GET /application/core/resources/api/rest/alert/content HTTP/1.0" 200 316 "https://linux-devoir.databeez.com/application/navigation/dashboard/global" "Mozilla/5.0 (Macintosh; Intel Mac OS X 10_15_7) AppleWebKit/537.36 (KHTML, like Gecko) Chrome/87.0.4280.88 Safari/537.36"
127.0.0.1 - v7PzCajBd1QQa28AzswPD4OIrKX21MORVaY7S4DnGOeEfpFTJ3 [24/Dec/2020:13:25:17 +0000] "GET /application/core/resources/api/rest/alert/content HTTP/1.0" 404 342 "https://linux-devoir.databeez.com/application/navigation/view/43" "Mozilla/5.0 (Macintosh; Intel Mac OS X 11_0_1) AppleWebKit/537.36 (KHTML, like Gecko) Chrome/87.0.4280.88 Safari/537.36"
127.0.0.1 - v7PzCajBd1QQa28AzswPD4OIrKX21MORVaY7S4DnGOeEfpFTJ3 [24/Dec/2020:13:25:25 +0000] "GET /application/core/resources/api/rest/alert/content HTTP/1.0" 200 316 "https://linux-devoir.databeez.com/application/navigation/dashboard/global" "Mozilla/5.0 (Macintosh; Intel Mac OS X 10_15_7) AppleWebKit/537.36 (KHTML, like Gecko) Chrome/87.0.4280.88 Safari/537.36"
127.0.0.1 - v7PzCajBd1QQa28AzswPD4OIrKX21MORVaY7S4DnGOeEfpFTJ3 [24/Dec/2020:13:25:26 +0000] "GET /application/core/resources/api/rest/alert/content HTTP/1.0" 404 342 "https://linux-devoir.databeez.com/application/navigation/view/43" "Mozilla/5.0 (Macintosh; Intel Mac OS X 11_0_1) AppleWebKit/537.36 (KHTML, like Gecko) Chrome/87.0.4280.88 Safari/537.36"
127.0.0.1 - v7PzCajBd1QQa28AzswPD4OIrKX21MORVaY7S4DnGOeEfpFTJ3 [24/Dec/2020:13:25:35 +0000] "GET /application/core/resources/api/rest/alert/content HTTP/1.0" 200 316 "https://linux-devoir.databeez.com/application/navigation/dashboard/global" "Mozilla/5.0 (Macintosh; Intel Mac OS X 10_15_7) AppleWebKit/537.36 (KHTML, like Gecko) Chrome/87.0.4280.88 Safari/537.36"
127.0.0.1 - v7PzCajBd1QQa28AzswPD4OIrKX21MORVaY7S4DnGOeEfpFTJ3 [24/Dec/2020:13:25:37 +0000] "GET /application/core/resources/api/rest/alert/content HTTP/1.0" 404 342 "https://linux-devoir.databeez.com/application/navigation/view/43" "Mozilla/5.0 (Macintosh; Intel Mac OS X 11_0_1) AppleWebKit/537.36 (KHTML, like Gecko) Chrome/87.0.4280.88 Safari/537.36"
127.0.0.1 - v7PzCajBd1QQa28AzswPD4OIrKX21MORVaY7S4DnGOeEfpFTJ3 [24/Dec/2020:13:25:45 +0000] "GET /application/core/resources/api/rest/alert/content HTTP/1.0" 200 316 "https://linux-devoir.databeez.com/application/navigation/dashboard/global" "Mozilla/5.0 (Macintosh; Intel Mac OS X 10_15_7) AppleWebKit/537.36 (KHTML, like Gecko) Chrome/87.0.4280.88 Safari/537.36"
127.0.0.1 - v7PzCajBd1QQa28AzswPD4OIrKX21MORVaY7S4DnGOeEfpFTJ3 [24/Dec/2020:13:25:47 +0000] "GET /application/core/resources/api/rest/alert/content HTTP/1.0" 404 342 "https://linux-devoir.databeez.com/application/navigation/view/43" "Mozilla/5.0 (Macintosh; Intel Mac OS X 11_0_1) AppleWebKit/537.36 (KHTML, like Gecko) Chrome/87.0.4280.88 Safari/537.36"
127.0.0.1 - v7PzCajBd1QQa28AzswPD4OIrKX21MORVaY7S4DnGOeEfpFTJ3 [24/Dec/2020:13:25:55 +0000] "GET /application/core/resources/api/rest/alert/content HTTP/1.0" 200 316 "https://linux-devoir.databeez.com/application/navigation/dashboard/global" "Mozilla/5.0 (Macintosh; Intel Mac OS X 10_15_7) AppleWebKit/537.36 (KHTML, like Gecko) Chrome/87.0.4280.88 Safari/537.36"
127.0.0.1 - v7PzCajBd1QQa28AzswPD4OIrKX21MORVaY7S4DnGOeEfpFTJ3 [24/Dec/2020:13:25:57 +0000] "GET /application/core/resources/api/rest/alert/content HTTP/1.0" 404 342 "https://linux-devoir.databeez.com/application/navigation/view/43" "Mozilla/5.0 (Macintosh; Intel Mac OS X 11_0_1) AppleWebKit/537.36 (KHTML, like Gecko) Chrome/87.0.4280.88 Safari/537.36"
127.0.0.1 - v7PzCajBd1QQa28AzswPD4OIrKX21MORVaY7S4DnGOeEfpFTJ3 [24/Dec/2020:13:26:05 +0000] "GET /application/core/resources/api/rest/alert/content HTTP/1.0" 200 316 "https://linux-devoir.databeez.com/application/navigation/dashboard/global" "Mozilla/5.0 (Macintosh; Intel Mac OS X 10_15_7) AppleWebKit/537.36 (KHTML, like Gecko) Chrome/87.0.4280.88 Safari/537.36"
127.0.0.1 - v7PzCajBd1QQa28AzswPD4OIrKX21MORVaY7S4DnGOeEfpFTJ3 [24/Dec/2020:13:26:07 +0000] "GET /application/core/resources/api/rest/alert/content HTTP/1.0" 404 342 "https://linux-devoir.databeez.com/application/navigation/view/43" "Mozilla/5.0 (Macintosh; Intel Mac OS X 11_0_1) AppleWebKit/537.36 (KHTML, like Gecko) Chrome/87.0.4280.88 Safari/537.36"
127.0.0.1 - v7PzCajBd1QQa28AzswPD4OIrKX21MORVaY7S4DnGOeEfpFTJ3 [24/Dec/2020:13:26:15 +0000] "GET /application/core/resources/api/rest/alert/content HTTP/1.0" 200 316 "https://linux-devoir.databeez.com/application/navigation/dashboard/global" "Mozilla/5.0 (Macintosh; Intel Mac OS X 10_15_7) AppleWebKit/537.36 (KHTML, like Gecko) Chrome/87.0.4280.88 Safari/537.36"
127.0.0.1 - v7PzCajBd1QQa28AzswPD4OIrKX21MORVaY7S4DnGOeEfpFTJ3 [24/Dec/2020:13:26:17 +0000] "GET /application/core/resources/api/rest/alert/content HTTP/1.0" 404 342 "https://linux-devoir.databeez.com/application/navigation/view/43" "Mozilla/5.0 (Macintosh; Intel Mac OS X 11_0_1) AppleWebKit/537.36 (KHTML, like Gecko) Chrome/87.0.4280.88 Safari/537.36"
127.0.0.1 - v7PzCajBd1QQa28AzswPD4OIrKX21MORVaY7S4DnGOeEfpFTJ3 [24/Dec/2020:13:26:25 +0000] "GET /application/core/resources/api/rest/alert/content HTTP/1.0" 200 316 "https://linux-devoir.databeez.com/application/navigation/dashboard/global" "Mozilla/5.0 (Macintosh; Intel Mac OS X 10_15_7) AppleWebKit/537.36 (KHTML, like Gecko) Chrome/87.0.4280.88 Safari/537.36"
127.0.0.1 - v7PzCajBd1QQa28AzswPD4OIrKX21MORVaY7S4DnGOeEfpFTJ3 [24/Dec/2020:13:26:27 +0000] "GET /application/core/resources/api/rest/alert/content HTTP/1.0" 404 342 "https://linux-devoir.databeez.com/application/navigation/view/43" "Mozilla/5.0 (Macintosh; Intel Mac OS X 11_0_1) AppleWebKit/537.36 (KHTML, like Gecko) Chrome/87.0.4280.88 Safari/537.36"
127.0.0.1 - v7PzCajBd1QQa28AzswPD4OIrKX21MORVaY7S4DnGOeEfpFTJ3 [24/Dec/2020:13:26:35 +0000] "GET /application/core/resources/api/rest/alert/content HTTP/1.0" 200 316 "https://linux-devoir.databeez.com/application/navigation/dashboard/global" "Mozilla/5.0 (Macintosh; Intel Mac OS X 10_15_7) AppleWebKit/537.36 (KHTML, like Gecko) Chrome/87.0.4280.88 Safari/537.36"
127.0.0.1 - v7PzCajBd1QQa28AzswPD4OIrKX21MORVaY7S4DnGOeEfpFTJ3 [24/Dec/2020:13:26:37 +0000] "GET /application/core/resources/api/rest/alert/content HTTP/1.0" 404 342 "https://linux-devoir.databeez.com/application/navigation/view/43" "Mozilla/5.0 (Macintosh; Intel Mac OS X 11_0_1) AppleWebKit/537.36 (KHTML, like Gecko) Chrome/87.0.4280.88 Safari/537.36"
127.0.0.1 - v7PzCajBd1QQa28AzswPD4OIrKX21MORVaY7S4DnGOeEfpFTJ3 [24/Dec/2020:13:26:45 +0000] "GET /application/core/resources/api/rest/alert/content HTTP/1.0" 200 316 "https://linux-devoir.databeez.com/application/navigation/dashboard/global" "Mozilla/5.0 (Macintosh; Intel Mac OS X 10_15_7) AppleWebKit/537.36 (KHTML, like Gecko) Chrome/87.0.4280.88 Safari/537.36"
127.0.0.1 - v7PzCajBd1QQa28AzswPD4OIrKX21MORVaY7S4DnGOeEfpFTJ3 [24/Dec/2020:13:26:46 +0000] "GET /application/core/resources/api/rest/alert/content HTTP/1.0" 404 342 "https://linux-devoir.databeez.com/application/navigation/view/43" "Mozilla/5.0 (Macintosh; Intel Mac OS X 11_0_1) AppleWebKit/537.36 (KHTML, like Gecko) Chrome/87.0.4280.88 Safari/537.36"
127.0.0.1 - v7PzCajBd1QQa28AzswPD4OIrKX21MORVaY7S4DnGOeEfpFTJ3 [24/Dec/2020:13:26:55 +0000] "GET /application/core/resources/api/rest/alert/content HTTP/1.0" 200 316 "https://linux-devoir.databeez.com/application/navigation/dashboard/global" "Mozilla/5.0 (Macintosh; Intel Mac OS X 10_15_7) AppleWebKit/537.36 (KHTML, like Gecko) Chrome/87.0.4280.88 Safari/537.36"
127.0.0.1 - v7PzCajBd1QQa28AzswPD4OIrKX21MORVaY7S4DnGOeEfpFTJ3 [24/Dec/2020:13:26:56 +0000] "GET /application/core/resources/api/rest/alert/content HTTP/1.0" 404 342 "https://linux-devoir.databeez.com/application/navigation/view/43" "Mozilla/5.0 (Macintosh; Intel Mac OS X 11_0_1) AppleWebKit/537.36 (KHTML, like Gecko) Chrome/87.0.4280.88 Safari/537.36"
127.0.0.1 - v7PzCajBd1QQa28AzswPD4OIrKX21MORVaY7S4DnGOeEfpFTJ3 [24/Dec/2020:13:27:05 +0000] "GET /application/core/resources/api/rest/alert/content HTTP/1.0" 200 316 "https://linux-devoir.databeez.com/application/navigation/dashboard/global" "Mozilla/5.0 (Macintosh; Intel Mac OS X 10_15_7) AppleWebKit/537.36 (KHTML, like Gecko) Chrome/87.0.4280.88 Safari/537.36"
127.0.0.1 - v7PzCajBd1QQa28AzswPD4OIrKX21MORVaY7S4DnGOeEfpFTJ3 [24/Dec/2020:13:27:06 +0000] "GET /application/core/resources/api/rest/alert/content HTTP/1.0" 404 342 "https://linux-devoir.databeez.com/application/navigation/view/43" "Mozilla/5.0 (Macintosh; Intel Mac OS X 11_0_1) AppleWebKit/537.36 (KHTML, like Gecko) Chrome/87.0.4280.88 Safari/537.36"
74.208.85.87 - - [24/Dec/2020:13:41:16 +0000] "GET /application/core/src/persistance/setup/localhost.xml HTTP/1.0" 403 457 "-" "-"
196.250.203.12 - v7PzCajBd1QQa28AzswPD4OIrKX21MORVaY7S4DnGOeEfpFTJ3 [24/Dec/2020:13:41:16 +0000] "GET /application/core/resources/api/rest/alert/content HTTP/1.1" 200 665 "http://74.208.85.87/application/navigation/dashboard/global" "Mozilla/5.0 (Macintosh; Intel Mac OS X 11_0_1) AppleWebKit/537.36 (KHTML, like Gecko) Chrome/87.0.4280.88 Safari/537.36"
74.208.85.87 - - [24/Dec/2020:13:41:17 +0000] "GET /application/core/src/persistance/setup/localhost.xml HTTP/1.0" 403 457 "-" "-"
41.83.103.222 - v7PzCajBd1QQa28AzswPD4OIrKX21MORVaY7S4DnGOeEfpFTJ3 [24/Dec/2020:13:41:17 +0000] "GET /application/core/resources/api/rest/alert/content HTTP/1.1" 200 665 "http://74.208.85.87/application/navigation/view/43" "Mozilla/5.0 (Macintosh; Intel Mac OS X 11_0_1) AppleWebKit/537.36 (KHTML, like Gecko) Chrome/87.0.4280.88 Safari/537.36"
74.208.85.87 - - [24/Dec/2020:13:41:25 +0000] "GET /application/core/src/persistance/setup/localhost.xml HTTP/1.0" 403 457 "-" "-"
196.250.203.12 - v7PzCajBd1QQa28AzswPD4OIrKX21MORVaY7S4DnGOeEfpFTJ3 [24/Dec/2020:13:41:25 +0000] "GET /application/core/resources/api/rest/alert/content HTTP/1.1" 200 597 "http://74.208.85.87/application/navigation/dashboard/global" "Mozilla/5.0 (Macintosh; Intel Mac OS X 11_0_1) AppleWebKit/537.36 (KHTML, like Gecko) Chrome/87.0.4280.88 Safari/537.36"
74.208.85.87 - - [24/Dec/2020:13:41:27 +0000] "GET /application/core/src/persistance/setup/localhost.xml HTTP/1.0" 403 457 "-" "-"
41.83.103.222 - v7PzCajBd1QQa28AzswPD4OIrKX21MORVaY7S4DnGOeEfpFTJ3 [24/Dec/2020:13:41:27 +0000] "GET /application/core/resources/api/rest/alert/content HTTP/1.1" 200 597 "http://74.208.85.87/application/navigation/view/43" "Mozilla/5.0 (Macintosh; Intel Mac OS X 11_0_1) AppleWebKit/537.36 (KHTML, like Gecko) Chrome/87.0.4280.88 Safari/537.36"
41.83.103.222 - - [24/Dec/2020:13:41:35 +0000] "GET / HTTP/1.1" 302 234 "-" "Mozilla/5.0 (Macintosh; Intel Mac OS X 11_0_1) AppleWebKit/537.36 (KHTML, like Gecko) Chrome/87.0.4280.88 Safari/537.36"
41.83.103.222 - - [24/Dec/2020:13:41:35 +0000] "GET /application/home HTTP/1.1" 301 611 "-" "Mozilla/5.0 (Macintosh; Intel Mac OS X 11_0_1) AppleWebKit/537.36 (KHTML, like Gecko) Chrome/87.0.4280.88 Safari/537.36"
74.208.85.87 - - [24/Dec/2020:13:41:35 +0000] "GET /application/core/src/persistance/setup/localhost.xml HTTP/1.0" 403 462 "-" "-"
74.208.85.87 - - [24/Dec/2020:13:41:35 +0000] "GET /resources/1/images//logo.png HTTP/1.0" 200 45575 "-" "-"
74.208.85.87 - - [24/Dec/2020:13:41:35 +0000] "GET /resources/1/images//logo.png HTTP/1.0" 200 45575 "-" "-"
41.83.103.222 - - [24/Dec/2020:13:41:35 +0000] "GET /application/home/ HTTP/1.1" 200 3375 "-" "Mozilla/5.0 (Macintosh; Intel Mac OS X 11_0_1) AppleWebKit/537.36 (KHTML, like Gecko) Chrome/87.0.4280.88 Safari/537.36"
41.83.103.222 - - [24/Dec/2020:13:41:36 +0000] "GET /application/core/resources/css/multiselect/bootstrap.min.css HTTP/1.1" 200 19594 "http://linux-devoir.databeez.com/application/home/" "Mozilla/5.0 (Macintosh; Intel Mac OS X 11_0_1) AppleWebKit/537.36 (KHTML, like Gecko) Chrome/87.0.4280.88 Safari/537.36"
41.83.103.222 - - [24/Dec/2020:13:41:36 +0000] "GET /application/core/resources/app-ui/css/bootstrap.min.css HTTP/1.1" 200 18071 "http://linux-devoir.databeez.com/application/home/" "Mozilla/5.0 (Macintosh; Intel Mac OS X 11_0_1) AppleWebKit/537.36 (KHTML, like Gecko) Chrome/87.0.4280.88 Safari/537.36"
41.83.103.222 - - [24/Dec/2020:13:41:36 +0000] "GET /application/core/resources/app-ui/css/main.css.php HTTP/1.1" 200 13465 "http://linux-devoir.databeez.com/application/home/" "Mozilla/5.0 (Macintosh; Intel Mac OS X 11_0_1) AppleWebKit/537.36 (KHTML, like Gecko) Chrome/87.0.4280.88 Safari/537.36"
41.83.103.222 - - [24/Dec/2020:13:41:36 +0000] "GET /application/core/resources/app-ui/css/themes.css HTTP/1.1" 200 887 "http://linux-devoir.databeez.com/application/home/" "Mozilla/5.0 (Macintosh; Intel Mac OS X 11_0_1) AppleWebKit/537.36 (KHTML, like Gecko) Chrome/87.0.4280.88 Safari/537.36"
41.83.103.222 - - [24/Dec/2020:13:41:36 +0000] "GET /application/core/resources/css/jquery-ui.min.css HTTP/1.1" 200 7946 "http://linux-devoir.databeez.com/application/home/" "Mozilla/5.0 (Macintosh; Intel Mac OS X 11_0_1) AppleWebKit/537.36 (KHTML, like Gecko) Chrome/87.0.4280.88 Safari/537.36"
41.83.103.222 - - [24/Dec/2020:13:41:36 +0000] "GET /application/core/resources/app-ui/css/plugins.css.php HTTP/1.1" 200 37963 "http://linux-devoir.databeez.com/application/home/" "Mozilla/5.0 (Macintosh; Intel Mac OS X 11_0_1) AppleWebKit/537.36 (KHTML, like Gecko) Chrome/87.0.4280.88 Safari/537.36"
41.83.103.222 - - [24/Dec/2020:13:41:36 +0000] "GET /application/core/resources/css/shared.css?version=3.0%20SP13.1 HTTP/1.1" 200 590 "http://linux-devoir.databeez.com/application/home/" "Mozilla/5.0 (Macintosh; Intel Mac OS X 11_0_1) AppleWebKit/537.36 (KHTML, like Gecko) Chrome/87.0.4280.88 Safari/537.36"
41.83.103.222 - - [24/Dec/2020:13:41:36 +0000] "GET /application/core/resources/css/advanced.css.php?version=3.0%20SP13.1 HTTP/1.1" 200 9519 "http://linux-devoir.databeez.com/application/home/" "Mozilla/5.0 (Macintosh; Intel Mac OS X 11_0_1) AppleWebKit/537.36 (KHTML, like Gecko) Chrome/87.0.4280.88 Safari/537.36"
41.83.103.222 - - [24/Dec/2020:13:41:36 +0000] "GET /application/core/resources/js/jquery-1.11.0.min.js HTTP/1.1" 200 33732 "http://linux-devoir.databeez.com/application/home/" "Mozilla/5.0 (Macintosh; Intel Mac OS X 11_0_1) AppleWebKit/537.36 (KHTML, like Gecko) Chrome/87.0.4280.88 Safari/537.36"
41.83.103.222 - - [24/Dec/2020:13:41:36 +0000] "GET /application/core/resources/js/moment.js HTTP/1.1" 200 37171 "http://linux-devoir.databeez.com/application/home/" "Mozilla/5.0 (Macintosh; Intel Mac OS X 11_0_1) AppleWebKit/537.36 (KHTML, like Gecko) Chrome/87.0.4280.88 Safari/537.36"
41.83.103.222 - - [24/Dec/2020:13:41:36 +0000] "GET /application/core/resources/js/jquery-ui.min.js HTTP/1.1" 200 126138 "http://linux-devoir.databeez.com/application/home/" "Mozilla/5.0 (Macintosh; Intel Mac OS X 11_0_1) AppleWebKit/537.36 (KHTML, like Gecko) Chrome/87.0.4280.88 Safari/537.36"
41.83.103.222 - - [24/Dec/2020:13:41:37 +0000] "GET /application/core/resources/js/section.js?version=3.0%20SP13.1 HTTP/1.1" 200 461 "http://linux-devoir.databeez.com/application/home/" "Mozilla/5.0 (Macintosh; Intel Mac OS X 11_0_1) AppleWebKit/537.36 (KHTML, like Gecko) Chrome/87.0.4280.88 Safari/537.36"
41.83.103.222 - - [24/Dec/2020:13:41:37 +0000] "GET /application/core/resources/js/global.js?version=3.0%20SP13.1 HTTP/1.1" 200 1483 "http://linux-devoir.databeez.com/application/home/" "Mozilla/5.0 (Macintosh; Intel Mac OS X 11_0_1) AppleWebKit/537.36 (KHTML, like Gecko) Chrome/87.0.4280.88 Safari/537.36"
41.83.103.222 - - [24/Dec/2020:13:41:37 +0000] "GET /application/core/resources/app-ui/js/vendor/modernizr-3.3.1.min.js HTTP/1.1" 200 1121 "http://linux-devoir.databeez.com/application/home/" "Mozilla/5.0 (Macintosh; Intel Mac OS X 11_0_1) AppleWebKit/537.36 (KHTML, like Gecko) Chrome/87.0.4280.88 Safari/537.36"
41.83.103.222 - - [24/Dec/2020:13:41:37 +0000] "GET /lib/jquery-resizable/dist/jquery-resizable.js HTTP/1.1" 200 2314 "http://linux-devoir.databeez.com/application/home/" "Mozilla/5.0 (Macintosh; Intel Mac OS X 11_0_1) AppleWebKit/537.36 (KHTML, like Gecko) Chrome/87.0.4280.88 Safari/537.36"
41.83.103.222 - - [24/Dec/2020:13:41:37 +0000] "GET /application/core/resources/js/multiselect/dist/js/multiselect.js HTTP/1.1" 200 4959 "http://linux-devoir.databeez.com/application/home/" "Mozilla/5.0 (Macintosh; Intel Mac OS X 11_0_1) AppleWebKit/537.36 (KHTML, like Gecko) Chrome/87.0.4280.88 Safari/537.36"
41.83.103.222 - - [24/Dec/2020:13:41:37 +0000] "GET /lib/amcharts/amcharts.js HTTP/1.1" 200 64572 "http://linux-devoir.databeez.com/application/home/" "Mozilla/5.0 (Macintosh; Intel Mac OS X 11_0_1) AppleWebKit/537.36 (KHTML, like Gecko) Chrome/87.0.4280.88 Safari/537.36"
41.83.103.222 - - [24/Dec/2020:13:41:37 +0000] "GET /lib/amcharts/pie.js HTTP/1.1" 200 5560 "http://linux-devoir.databeez.com/application/home/" "Mozilla/5.0 (Macintosh; Intel Mac OS X 11_0_1) AppleWebKit/537.36 (KHTML, like Gecko) Chrome/87.0.4280.88 Safari/537.36"
41.83.103.222 - - [24/Dec/2020:13:41:37 +0000] "GET /lib/amcharts/serial.js HTTP/1.1" 200 15201 "http://linux-devoir.databeez.com/application/home/" "Mozilla/5.0 (Macintosh; Intel Mac OS X 11_0_1) AppleWebKit/537.36 (KHTML, like Gecko) Chrome/87.0.4280.88 Safari/537.36"
74.208.85.87 - - [24/Dec/2020:13:41:37 +0000] "GET /application/core/src/persistance/setup/localhost.xml HTTP/1.0" 403 457 "-" "-"
41.83.103.222 - v7PzCajBd1QQa28AzswPD4OIrKX21MORVaY7S4DnGOeEfpFTJ3 [24/Dec/2020:13:41:37 +0000] "GET /application/core/resources/api/rest/alert/content HTTP/1.1" 200 597 "http://74.208.85.87/application/navigation/view/43" "Mozilla/5.0 (Macintosh; Intel Mac OS X 11_0_1) AppleWebKit/537.36 (KHTML, like Gecko) Chrome/87.0.4280.88 Safari/537.36"
41.83.103.222 - - [24/Dec/2020:13:41:38 +0000] "GET /application/core/resources/app-ui/js/vendor/jquery-2.2.4.min.js HTTP/1.1" 200 30183 "http://linux-devoir.databeez.com/application/home/" "Mozilla/5.0 (Macintosh; Intel Mac OS X 11_0_1) AppleWebKit/537.36 (KHTML, like Gecko) Chrome/87.0.4280.88 Safari/537.36"
41.83.103.222 - - [24/Dec/2020:13:41:38 +0000] "GET /resources/1/images//logo.png HTTP/1.1" 200 45611 "http://linux-devoir.databeez.com/application/home/" "Mozilla/5.0 (Macintosh; Intel Mac OS X 11_0_1) AppleWebKit/537.36 (KHTML, like Gecko) Chrome/87.0.4280.88 Safari/537.36"
41.83.103.222 - - [24/Dec/2020:13:41:38 +0000] "GET /application/core/resources/app-ui/js/pages/readyLogin.js HTTP/1.1" 200 996 "http://linux-devoir.databeez.com/application/home/" "Mozilla/5.0 (Macintosh; Intel Mac OS X 11_0_1) AppleWebKit/537.36 (KHTML, like Gecko) Chrome/87.0.4280.88 Safari/537.36"
41.83.103.222 - - [24/Dec/2020:13:41:38 +0000] "GET /application/core/resources/app-ui/js/app.js HTTP/1.1" 200 7414 "http://linux-devoir.databeez.com/application/home/" "Mozilla/5.0 (Macintosh; Intel Mac OS X 11_0_1) AppleWebKit/537.36 (KHTML, like Gecko) Chrome/87.0.4280.88 Safari/537.36"
41.83.103.222 - - [24/Dec/2020:13:41:38 +0000] "GET /application/core/resources/app-ui/js/vendor/bootstrap.min.js HTTP/1.1" 200 10280 "http://linux-devoir.databeez.com/application/home/" "Mozilla/5.0 (Macintosh; Intel Mac OS X 11_0_1) AppleWebKit/537.36 (KHTML, like Gecko) Chrome/87.0.4280.88 Safari/537.36"
74.208.85.87 - - [24/Dec/2020:13:41:39 +0000] "GET /application/core/src/persistance/setup/localhost.xml HTTP/1.0" 403 457 "-" "-"
196.250.203.12 - v7PzCajBd1QQa28AzswPD4OIrKX21MORVaY7S4DnGOeEfpFTJ3 [24/Dec/2020:13:41:39 +0000] "GET /application/core/resources/api/rest/alert/content HTTP/1.1" 200 597 "http://74.208.85.87/application/navigation/dashboard/global" "Mozilla/5.0 (Macintosh; Intel Mac OS X 11_0_1) AppleWebKit/537.36 (KHTML, like Gecko) Chrome/87.0.4280.88 Safari/537.36"
41.83.103.222 - - [24/Dec/2020:13:41:38 +0000] "GET /application/core/resources/app-ui/js/plugins.js HTTP/1.1" 200 145763 "http://linux-devoir.databeez.com/application/home/" "Mozilla/5.0 (Macintosh; Intel Mac OS X 11_0_1) AppleWebKit/537.36 (KHTML, like Gecko) Chrome/87.0.4280.88 Safari/537.36"
41.83.103.222 - - [24/Dec/2020:13:41:39 +0000] "GET /application/core/resources/images/home_bg.jpg HTTP/1.1" 200 199725 "http://linux-devoir.databeez.com/application/home/" "Mozilla/5.0 (Macintosh; Intel Mac OS X 11_0_1) AppleWebKit/537.36 (KHTML, like Gecko) Chrome/87.0.4280.88 Safari/537.36"
41.83.103.222 - - [24/Dec/2020:13:41:40 +0000] "GET /application/core/resources/app-ui/css/fonts/glyphicons.pro/glyphicons-regular.woff HTTP/1.1" 200 94944 "http://linux-devoir.databeez.com/application/core/resources/app-ui/css/plugins.css.php" "Mozilla/5.0 (Macintosh; Intel Mac OS X 11_0_1) AppleWebKit/537.36 (KHTML, like Gecko) Chrome/87.0.4280.88 Safari/537.36"
41.83.103.222 - - [24/Dec/2020:13:41:40 +0000] "GET /application/core/resources/app-ui/css/fonts/fontawesome/fontawesome-webfont.woff2?v=4.6.3 HTTP/1.1" 200 72159 "http://linux-devoir.databeez.com/application/core/resources/app-ui/css/plugins.css.php" "Mozilla/5.0 (Macintosh; Intel Mac OS X 11_0_1) AppleWebKit/537.36 (KHTML, like Gecko) Chrome/87.0.4280.88 Safari/537.36"
41.83.103.222 - - [24/Dec/2020:13:41:39 +0000] "GET /application/core/resources/images/logo-login.png HTTP/1.1" 200 377639 "http://linux-devoir.databeez.com/application/home/" "Mozilla/5.0 (Macintosh; Intel Mac OS X 11_0_1) AppleWebKit/537.36 (KHTML, like Gecko) Chrome/87.0.4280.88 Safari/537.36"
41.83.103.222 - - [24/Dec/2020:13:41:42 +0000] "GET /application/core/resources/images/logo/favicon.ico HTTP/1.1" 200 24237 "http://linux-devoir.databeez.com/application/home/" "Mozilla/5.0 (Macintosh; Intel Mac OS X 11_0_1) AppleWebKit/537.36 (KHTML, like Gecko) Chrome/87.0.4280.88 Safari/537.36"
74.208.85.87 - - [24/Dec/2020:13:41:45 +0000] "GET /application/core/src/persistance/setup/localhost.xml HTTP/1.0" 403 457 "-" "-"
196.250.203.12 - v7PzCajBd1QQa28AzswPD4OIrKX21MORVaY7S4DnGOeEfpFTJ3 [24/Dec/2020:13:41:45 +0000] "GET /application/core/resources/api/rest/alert/content HTTP/1.1" 200 597 "http://74.208.85.87/application/navigation/dashboard/global" "Mozilla/5.0 (Macintosh; Intel Mac OS X 11_0_1) AppleWebKit/537.36 (KHTML, like Gecko) Chrome/87.0.4280.88 Safari/537.36"
74.208.85.87 - - [24/Dec/2020:13:41:47 +0000] "GET /application/core/src/persistance/setup/localhost.xml HTTP/1.0" 403 457 "-" "-"
41.83.103.222 - v7PzCajBd1QQa28AzswPD4OIrKX21MORVaY7S4DnGOeEfpFTJ3 [24/Dec/2020:13:41:47 +0000] "GET /application/core/resources/api/rest/alert/content HTTP/1.1" 200 597 "http://74.208.85.87/application/navigation/view/43" "Mozilla/5.0 (Macintosh; Intel Mac OS X 11_0_1) AppleWebKit/537.36 (KHTML, like Gecko) Chrome/87.0.4280.88 Safari/537.36"
74.208.85.87 - - [24/Dec/2020:13:41:56 +0000] "GET /application/core/src/persistance/setup/localhost.xml HTTP/1.0" 403 457 "-" "-"
196.250.203.12 - v7PzCajBd1QQa28AzswPD4OIrKX21MORVaY7S4DnGOeEfpFTJ3 [24/Dec/2020:13:41:56 +0000] "GET /application/core/resources/api/rest/alert/content HTTP/1.1" 200 597 "http://74.208.85.87/application/navigation/dashboard/global" "Mozilla/5.0 (Macintosh; Intel Mac OS X 11_0_1) AppleWebKit/537.36 (KHTML, like Gecko) Chrome/87.0.4280.88 Safari/537.36"
74.208.85.87 - - [24/Dec/2020:13:41:57 +0000] "GET /application/core/src/persistance/setup/localhost.xml HTTP/1.0" 403 457 "-" "-"
41.83.103.222 - v7PzCajBd1QQa28AzswPD4OIrKX21MORVaY7S4DnGOeEfpFTJ3 [24/Dec/2020:13:41:57 +0000] "GET /application/core/resources/api/rest/alert/content HTTP/1.1" 200 597 "http://74.208.85.87/application/navigation/view/43" "Mozilla/5.0 (Macintosh; Intel Mac OS X 11_0_1) AppleWebKit/537.36 (KHTML, like Gecko) Chrome/87.0.4280.88 Safari/537.36"
41.83.103.222 - - [24/Dec/2020:13:42:00 +0000] "POST /application/home/index.php HTTP/1.1" 302 454 "http://linux-devoir.databeez.com/application/home/" "Mozilla/5.0 (Macintosh; Intel Mac OS X 11_0_1) AppleWebKit/537.36 (KHTML, like Gecko) Chrome/87.0.4280.88 Safari/537.36"
41.83.103.222 - - [24/Dec/2020:13:42:00 +0000] "GET /application/navigation/index.html HTTP/1.1" 200 1650 "http://linux-devoir.databeez.com/application/home/" "Mozilla/5.0 (Macintosh; Intel Mac OS X 11_0_1) AppleWebKit/537.36 (KHTML, like Gecko) Chrome/87.0.4280.88 Safari/537.36"
41.83.103.222 - - [24/Dec/2020:13:42:01 +0000] "GET /application/core/resources/app-ui/css/plugins.css.php HTTP/1.1" 200 37962 "http://linux-devoir.databeez.com/application/navigation/index.html" "Mozilla/5.0 (Macintosh; Intel Mac OS X 11_0_1) AppleWebKit/537.36 (KHTML, like Gecko) Chrome/87.0.4280.88 Safari/537.36"
41.83.103.222 - - [24/Dec/2020:13:42:01 +0000] "GET /application/core/resources/app-ui/css/main.css.php HTTP/1.1" 200 13465 "http://linux-devoir.databeez.com/application/navigation/index.html" "Mozilla/5.0 (Macintosh; Intel Mac OS X 11_0_1) AppleWebKit/537.36 (KHTML, like Gecko) Chrome/87.0.4280.88 Safari/537.36"
41.83.103.222 - - [24/Dec/2020:13:42:01 +0000] "GET /application/core/resources/css/shared.css HTTP/1.1" 200 591 "http://linux-devoir.databeez.com/application/navigation/index.html" "Mozilla/5.0 (Macintosh; Intel Mac OS X 11_0_1) AppleWebKit/537.36 (KHTML, like Gecko) Chrome/87.0.4280.88 Safari/537.36"
41.83.103.222 - - [24/Dec/2020:13:42:01 +0000] "GET /application/core/resources/dashboard/css/dashboard-custom.css HTTP/1.1" 200 2003 "http://linux-devoir.databeez.com/application/navigation/index.html" "Mozilla/5.0 (Macintosh; Intel Mac OS X 11_0_1) AppleWebKit/537.36 (KHTML, like Gecko) Chrome/87.0.4280.88 Safari/537.36"
41.83.103.222 - - [24/Dec/2020:13:42:01 +0000] "GET /application/core/resources/css/advanced.css.php HTTP/1.1" 200 9520 "http://linux-devoir.databeez.com/application/navigation/index.html" "Mozilla/5.0 (Macintosh; Intel Mac OS X 11_0_1) AppleWebKit/537.36 (KHTML, like Gecko) Chrome/87.0.4280.88 Safari/537.36"
41.83.103.222 - - [24/Dec/2020:13:42:01 +0000] "GET /application/core/resources/dashboard/css/all.css HTTP/1.1" 200 13637 "http://linux-devoir.databeez.com/application/navigation/index.html" "Mozilla/5.0 (Macintosh; Intel Mac OS X 11_0_1) AppleWebKit/537.36 (KHTML, like Gecko) Chrome/87.0.4280.88 Safari/537.36"
41.83.103.222 - - [24/Dec/2020:13:42:01 +0000] "GET /application/core/resources/dashboard/css/mapbox-gl.css HTTP/1.1" 200 7658 "http://linux-devoir.databeez.com/application/navigation/index.html" "Mozilla/5.0 (Macintosh; Intel Mac OS X 11_0_1) AppleWebKit/537.36 (KHTML, like Gecko) Chrome/87.0.4280.88 Safari/537.36"
41.83.103.222 - - [24/Dec/2020:13:42:01 +0000] "GET /application/navigation/runtime.80ab492fe3d778817936.js HTTP/1.1" 200 1061 "http://linux-devoir.databeez.com/application/navigation/index.html" "Mozilla/5.0 (Macintosh; Intel Mac OS X 11_0_1) AppleWebKit/537.36 (KHTML, like Gecko) Chrome/87.0.4280.88 Safari/537.36"
41.83.103.222 - - [24/Dec/2020:13:42:01 +0000] "GET /application/navigation/styles.3ff695c00d717f2d2a11.css HTTP/1.1" 200 1650 "http://linux-devoir.databeez.com/application/navigation/index.html" "Mozilla/5.0 (Macintosh; Intel Mac OS X 11_0_1) AppleWebKit/537.36 (KHTML, like Gecko) Chrome/87.0.4280.88 Safari/537.36"
41.83.103.222 - - [24/Dec/2020:13:42:01 +0000] "GET /application/navigation/polyfills.7ff3fc35f9bdbaf81d86.js HTTP/1.1" 200 14136 "http://linux-devoir.databeez.com/application/navigation/index.html" "Mozilla/5.0 (Macintosh; Intel Mac OS X 11_0_1) AppleWebKit/537.36 (KHTML, like Gecko) Chrome/87.0.4280.88 Safari/537.36"
41.83.103.222 - - [24/Dec/2020:13:42:01 +0000] "GET /application/navigation/scripts.6df697c779ffb36514ef.js HTTP/1.1" 200 131262 "http://linux-devoir.databeez.com/application/navigation/index.html" "Mozilla/5.0 (Macintosh; Intel Mac OS X 11_0_1) AppleWebKit/537.36 (KHTML, like Gecko) Chrome/87.0.4280.88 Safari/537.36"
41.83.103.222 - - [24/Dec/2020:13:42:01 +0000] "GET /application/navigation/main.84e7e2524d6474df3c26.js HTTP/1.1" 200 451989 "http://linux-devoir.databeez.com/application/navigation/index.html" "Mozilla/5.0 (Macintosh; Intel Mac OS X 11_0_1) AppleWebKit/537.36 (KHTML, like Gecko) Chrome/87.0.4280.88 Safari/537.36"
74.208.85.87 - - [24/Dec/2020:13:42:03 +0000] "GET /resources/1/images//logo.png HTTP/1.0" 200 45575 "-" "-"
41.83.103.222 - v7PzCajBd1QQa28AzswPD4OIrKX21MORVaY7S4DnGOeEfpFTJ3 [24/Dec/2020:13:42:03 +0000] "GET /application/core/resources/api/rest/navigator/content HTTP/1.1" 200 15312 "http://linux-devoir.databeez.com/application/navigation/index.html" "Mozilla/5.0 (Macintosh; Intel Mac OS X 11_0_1) AppleWebKit/537.36 (KHTML, like Gecko) Chrome/87.0.4280.88 Safari/537.36"
41.83.103.222 - - [24/Dec/2020:13:42:03 +0000] "GET /application/core/resources/dashboard/webfonts/fa-solid-900.woff2 HTTP/1.1" 200 80411 "http://linux-devoir.databeez.com/application/core/resources/dashboard/css/all.css" "Mozilla/5.0 (Macintosh; Intel Mac OS X 11_0_1) AppleWebKit/537.36 (KHTML, like Gecko) Chrome/87.0.4280.88 Safari/537.36"
41.83.103.222 - - [24/Dec/2020:13:42:04 +0000] "GET /application/core/resources/app-ui/img/placeholders/avatars/avatar9.jpg HTTP/1.1" 200 790 "http://linux-devoir.databeez.com/application/navigation/view/1" "Mozilla/5.0 (Macintosh; Intel Mac OS X 11_0_1) AppleWebKit/537.36 (KHTML, like Gecko) Chrome/87.0.4280.88 Safari/537.36"
41.83.103.222 - - [24/Dec/2020:13:42:04 +0000] "GET /application/core/modules/monCompte/infoPers.php HTTP/1.1" 200 6022 "http://linux-devoir.databeez.com/application/navigation/view/1" "Mozilla/5.0 (Macintosh; Intel Mac OS X 11_0_1) AppleWebKit/537.36 (KHTML, like Gecko) Chrome/87.0.4280.88 Safari/537.36"
41.83.103.222 - - [24/Dec/2020:13:42:04 +0000] "GET /application/core/resources/app-ui/css/fonts/glyphicons.halflings.pro/glyphicons-halflings-regular.woff HTTP/1.1" 200 23619 "http://linux-devoir.databeez.com/application/core/resources/app-ui/css/plugins.css.php" "Mozilla/5.0 (Macintosh; Intel Mac OS X 11_0_1) AppleWebKit/537.36 (KHTML, like Gecko) Chrome/87.0.4280.88 Safari/537.36"
41.83.103.222 - - [24/Dec/2020:13:42:04 +0000] "GET /application/core/resources/app-ui/css/main.css.php HTTP/1.1" 200 13464 "http://linux-devoir.databeez.com/application/core/modules/monCompte/infoPers.php" "Mozilla/5.0 (Macintosh; Intel Mac OS X 11_0_1) AppleWebKit/537.36 (KHTML, like Gecko) Chrome/87.0.4280.88 Safari/537.36"
41.83.103.222 - - [24/Dec/2020:13:42:04 +0000] "GET /application/core/resources/app-ui/css/plugins.css.php HTTP/1.1" 200 37962 "http://linux-devoir.databeez.com/application/core/modules/monCompte/infoPers.php" "Mozilla/5.0 (Macintosh; Intel Mac OS X 11_0_1) AppleWebKit/537.36 (KHTML, like Gecko) Chrome/87.0.4280.88 Safari/537.36"
41.83.103.222 - - [24/Dec/2020:13:42:04 +0000] "GET /application/core/resources/css/advanced.css.php?version=3.0%20SP13.1 HTTP/1.1" 200 9519 "http://linux-devoir.databeez.com/application/core/modules/monCompte/infoPers.php" "Mozilla/5.0 (Macintosh; Intel Mac OS X 11_0_1) AppleWebKit/537.36 (KHTML, like Gecko) Chrome/87.0.4280.88 Safari/537.36"
41.83.103.222 - - [24/Dec/2020:13:42:04 +0000] "GET /application/core/resources/app-ui/img/placeholders/avatars/avatar.jpg HTTP/1.1" 200 790 "http://linux-devoir.databeez.com/application/core/modules/monCompte/infoPers.php" "Mozilla/5.0 (Macintosh; Intel Mac OS X 11_0_1) AppleWebKit/537.36 (KHTML, like Gecko) Chrome/87.0.4280.88 Safari/537.36"
41.83.103.222 - - [24/Dec/2020:13:42:04 +0000] "GET /application/core/resources/app-ui/js/pages/uiTables.js HTTP/1.1" 200 1543 "http://linux-devoir.databeez.com/application/core/modules/monCompte/infoPers.php" "Mozilla/5.0 (Macintosh; Intel Mac OS X 11_0_1) AppleWebKit/537.36 (KHTML, like Gecko) Chrome/87.0.4280.88 Safari/537.36"
41.83.103.222 - - [24/Dec/2020:13:42:04 +0000] "GET /application/core/resources/js/globalAfterLoad.js?version=3.0%20SP13.1 HTTP/1.1" 200 2767 "http://linux-devoir.databeez.com/application/core/modules/monCompte/infoPers.php" "Mozilla/5.0 (Macintosh; Intel Mac OS X 11_0_1) AppleWebKit/537.36 (KHTML, like Gecko) Chrome/87.0.4280.88 Safari/537.36"
41.83.103.222 - - [24/Dec/2020:13:42:04 +0000] "GET /application/core/resources/app-ui/img/jquery.chosen/chosen-sprite.png HTTP/1.1" 200 930 "http://linux-devoir.databeez.com/application/core/resources/app-ui/css/plugins.css.php" "Mozilla/5.0 (Macintosh; Intel Mac OS X 11_0_1) AppleWebKit/537.36 (KHTML, like Gecko) Chrome/87.0.4280.88 Safari/537.36"
74.208.85.87 - - [24/Dec/2020:13:42:05 +0000] "GET /application/core/src/persistance/setup/localhost.xml HTTP/1.0" 403 457 "-" "-"
196.250.203.12 - v7PzCajBd1QQa28AzswPD4OIrKX21MORVaY7S4DnGOeEfpFTJ3 [24/Dec/2020:13:42:05 +0000] "GET /application/core/resources/api/rest/alert/content HTTP/1.1" 200 597 "http://74.208.85.87/application/navigation/dashboard/global" "Mozilla/5.0 (Macintosh; Intel Mac OS X 11_0_1) AppleWebKit/537.36 (KHTML, like Gecko) Chrome/87.0.4280.88 Safari/537.36"
74.208.85.87 - - [24/Dec/2020:13:42:07 +0000] "GET /application/core/src/persistance/setup/localhost.xml HTTP/1.0" 403 457 "-" "-"
41.83.103.222 - v7PzCajBd1QQa28AzswPD4OIrKX21MORVaY7S4DnGOeEfpFTJ3 [24/Dec/2020:13:42:07 +0000] "GET /application/core/resources/api/rest/alert/content HTTP/1.1" 200 597 "http://74.208.85.87/application/navigation/view/43" "Mozilla/5.0 (Macintosh; Intel Mac OS X 11_0_1) AppleWebKit/537.36 (KHTML, like Gecko) Chrome/87.0.4280.88 Safari/537.36"
41.83.103.222 - v7PzCajBd1QQa28AzswPD4OIrKX21MORVaY7S4DnGOeEfpFTJ3 [24/Dec/2020:13:42:12 +0000] "POST /application/core/resources/api/rest/navigator/setCurrentRoute HTTP/1.1" 200 323 "http://linux-devoir.databeez.com/application/navigation/view/1" "Mozilla/5.0 (Macintosh; Intel Mac OS X 11_0_1) AppleWebKit/537.36 (KHTML, like Gecko) Chrome/87.0.4280.88 Safari/537.36"
41.83.103.222 - v7PzCajBd1QQa28AzswPD4OIrKX21MORVaY7S4DnGOeEfpFTJ3 [24/Dec/2020:13:42:14 +0000] "GET /application/core/resources/api/rest/alert/content HTTP/1.1" 200 352 "http://linux-devoir.databeez.com/application/navigation/dashboard/administration/general" "Mozilla/5.0 (Macintosh; Intel Mac OS X 11_0_1) AppleWebKit/537.36 (KHTML, like Gecko) Chrome/87.0.4280.88 Safari/537.36"
74.208.85.87 - - [24/Dec/2020:13:42:18 +0000] "GET /application/core/src/persistance/setup/localhost.xml HTTP/1.0" 403 457 "-" "-"
41.83.103.222 - v7PzCajBd1QQa28AzswPD4OIrKX21MORVaY7S4DnGOeEfpFTJ3 [24/Dec/2020:13:42:18 +0000] "GET /application/core/resources/api/rest/alert/content HTTP/1.1" 200 597 "http://74.208.85.87/application/navigation/view/43" "Mozilla/5.0 (Macintosh; Intel Mac OS X 11_0_1) AppleWebKit/537.36 (KHTML, like Gecko) Chrome/87.0.4280.88 Safari/537.36"
41.83.103.222 - v7PzCajBd1QQa28AzswPD4OIrKX21MORVaY7S4DnGOeEfpFTJ3 [24/Dec/2020:13:42:24 +0000] "GET /application/core/resources/api/rest/alert/content HTTP/1.1" 200 353 "http://linux-devoir.databeez.com/application/navigation/dashboard/administration/general" "Mozilla/5.0 (Macintosh; Intel Mac OS X 11_0_1) AppleWebKit/537.36 (KHTML, like Gecko) Chrome/87.0.4280.88 Safari/537.36"
74.208.85.87 - - [24/Dec/2020:13:42:28 +0000] "GET /application/core/src/persistance/setup/localhost.xml HTTP/1.0" 403 457 "-" "-"
41.83.103.222 - v7PzCajBd1QQa28AzswPD4OIrKX21MORVaY7S4DnGOeEfpFTJ3 [24/Dec/2020:13:42:28 +0000] "GET /application/core/resources/api/rest/alert/content HTTP/1.1" 200 597 "http://74.208.85.87/application/navigation/view/43" "Mozilla/5.0 (Macintosh; Intel Mac OS X 11_0_1) AppleWebKit/537.36 (KHTML, like Gecko) Chrome/87.0.4280.88 Safari/537.36"
41.83.103.222 - v7PzCajBd1QQa28AzswPD4OIrKX21MORVaY7S4DnGOeEfpFTJ3 [24/Dec/2020:13:42:34 +0000] "GET /application/core/resources/api/rest/alert/content HTTP/1.1" 200 353 "http://linux-devoir.databeez.com/application/navigation/dashboard/administration/general" "Mozilla/5.0 (Macintosh; Intel Mac OS X 11_0_1) AppleWebKit/537.36 (KHTML, like Gecko) Chrome/87.0.4280.88 Safari/537.36"
74.208.85.87 - - [24/Dec/2020:13:42:35 +0000] "GET /application/core/src/persistance/setup/localhost.xml HTTP/1.0" 403 457 "-" "-"
196.250.203.12 - v7PzCajBd1QQa28AzswPD4OIrKX21MORVaY7S4DnGOeEfpFTJ3 [24/Dec/2020:13:42:35 +0000] "GET /application/core/resources/api/rest/alert/content HTTP/1.1" 200 597 "http://74.208.85.87/application/navigation/dashboard/global" "Mozilla/5.0 (Macintosh; Intel Mac OS X 11_0_1) AppleWebKit/537.36 (KHTML, like Gecko) Chrome/87.0.4280.88 Safari/537.36"
74.208.85.87 - - [24/Dec/2020:13:42:37 +0000] "GET /application/core/src/persistance/setup/localhost.xml HTTP/1.0" 403 457 "-" "-"
41.83.103.222 - v7PzCajBd1QQa28AzswPD4OIrKX21MORVaY7S4DnGOeEfpFTJ3 [24/Dec/2020:13:42:37 +0000] "GET /application/core/resources/api/rest/alert/content HTTP/1.1" 200 597 "http://74.208.85.87/application/navigation/view/43" "Mozilla/5.0 (Macintosh; Intel Mac OS X 11_0_1) AppleWebKit/537.36 (KHTML, like Gecko) Chrome/87.0.4280.88 Safari/537.36"
41.83.103.222 - v7PzCajBd1QQa28AzswPD4OIrKX21MORVaY7S4DnGOeEfpFTJ3 [24/Dec/2020:13:42:44 +0000] "GET /application/core/resources/api/rest/alert/content HTTP/1.1" 200 353 "http://linux-devoir.databeez.com/application/navigation/dashboard/administration/general" "Mozilla/5.0 (Macintosh; Intel Mac OS X 11_0_1) AppleWebKit/537.36 (KHTML, like Gecko) Chrome/87.0.4280.88 Safari/537.36"
74.208.85.87 - - [24/Dec/2020:13:42:47 +0000] "GET /application/core/src/persistance/setup/localhost.xml HTTP/1.0" 403 457 "-" "-"
41.83.103.222 - v7PzCajBd1QQa28AzswPD4OIrKX21MORVaY7S4DnGOeEfpFTJ3 [24/Dec/2020:13:42:47 +0000] "GET /application/core/resources/api/rest/alert/content HTTP/1.1" 200 597 "http://74.208.85.87/application/navigation/view/43" "Mozilla/5.0 (Macintosh; Intel Mac OS X 11_0_1) AppleWebKit/537.36 (KHTML, like Gecko) Chrome/87.0.4280.88 Safari/537.36"
41.83.103.222 - v7PzCajBd1QQa28AzswPD4OIrKX21MORVaY7S4DnGOeEfpFTJ3 [24/Dec/2020:13:42:54 +0000] "GET /application/core/resources/api/rest/alert/content HTTP/1.1" 200 353 "http://linux-devoir.databeez.com/application/navigation/dashboard/administration/general" "Mozilla/5.0 (Macintosh; Intel Mac OS X 11_0_1) AppleWebKit/537.36 (KHTML, like Gecko) Chrome/87.0.4280.88 Safari/537.36"
74.208.85.87 - - [24/Dec/2020:13:42:55 +0000] "GET /application/core/src/persistance/setup/localhost.xml HTTP/1.0" 403 457 "-" "-"
196.250.203.12 - v7PzCajBd1QQa28AzswPD4OIrKX21MORVaY7S4DnGOeEfpFTJ3 [24/Dec/2020:13:42:55 +0000] "GET /application/core/resources/api/rest/alert/content HTTP/1.1" 200 597 "http://74.208.85.87/application/navigation/dashboard/global" "Mozilla/5.0 (Macintosh; Intel Mac OS X 11_0_1) AppleWebKit/537.36 (KHTML, like Gecko) Chrome/87.0.4280.88 Safari/537.36"
74.208.85.87 - - [24/Dec/2020:13:42:57 +0000] "GET /application/core/src/persistance/setup/localhost.xml HTTP/1.0" 403 457 "-" "-"
41.83.103.222 - v7PzCajBd1QQa28AzswPD4OIrKX21MORVaY7S4DnGOeEfpFTJ3 [24/Dec/2020:13:42:57 +0000] "GET /application/core/resources/api/rest/alert/content HTTP/1.1" 200 597 "http://74.208.85.87/application/navigation/view/43" "Mozilla/5.0 (Macintosh; Intel Mac OS X 11_0_1) AppleWebKit/537.36 (KHTML, like Gecko) Chrome/87.0.4280.88 Safari/537.36"
41.83.103.222 - v7PzCajBd1QQa28AzswPD4OIrKX21MORVaY7S4DnGOeEfpFTJ3 [24/Dec/2020:13:43:04 +0000] "GET /application/core/resources/api/rest/alert/content HTTP/1.1" 200 353 "http://linux-devoir.databeez.com/application/navigation/dashboard/administration/general" "Mozilla/5.0 (Macintosh; Intel Mac OS X 11_0_1) AppleWebKit/537.36 (KHTML, like Gecko) Chrome/87.0.4280.88 Safari/537.36"
74.208.85.87 - - [24/Dec/2020:13:43:05 +0000] "GET /application/core/src/persistance/setup/localhost.xml HTTP/1.0" 403 457 "-" "-"
196.250.203.12 - v7PzCajBd1QQa28AzswPD4OIrKX21MORVaY7S4DnGOeEfpFTJ3 [24/Dec/2020:13:43:05 +0000] "GET /application/core/resources/api/rest/alert/content HTTP/1.1" 200 597 "http://74.208.85.87/application/navigation/dashboard/global" "Mozilla/5.0 (Macintosh; Intel Mac OS X 11_0_1) AppleWebKit/537.36 (KHTML, like Gecko) Chrome/87.0.4280.88 Safari/537.36"
74.208.85.87 - - [24/Dec/2020:13:43:07 +0000] "GET /application/core/src/persistance/setup/localhost.xml HTTP/1.0" 403 457 "-" "-"
